
> mazttek@0.0.0 build
> ng build

[33mÔØ»[39m Building...
[32mÔ£ö[39m Building...
Application bundle generation failed. [1.516 seconds] - 2026-03-07T03:19:13.823Z

node.exe : [1m[31m[31mX [4
1;31m[[41;97mERROR[41;31m][
0m [1mCould not resolve "@ang
ular/animations/browser"[0m
En línea: 1 Carácter: 1
+ & "C:\Program 
Files\nodejs/node.exe" 
"C:\Program 
Files\nodejs/node_mo ...
+ ~~~~~~~~~~~~~~~~~~~~~~~~~~~~
~~~~~~~~~~~~~~~~~~~~~~~~~~~~~~
~~~~~~~~~~~
    + CategoryInfo          : 
    NotSpecified: ([1m[31m  
  [31mX...ns/browser"[0m:   
 String) [], RemoteExcepti    
on
    + FullyQualifiedErrorId : 
    NativeCommandError
 

    node_modules/@angular/plat
form-browser/fesm2022/animatio
ns-async.mjs:37:53:
[37m      37 Ôöé 
....moduleImpl ?? import([32m
'@angular/animations/browser'
[37m).then(m => m);
         ÔòÁ                  
        [32m~~~~~~~~~~~~~~~~~
~~~~~~~~~~~~[0m

  You can mark the path 
"@angular/animations/browser" 
as external to exclude it 
from the bundle, which will 
remove this error and leave 
the unresolved path in the 
bundle. You can also add 
".catch()" here to handle 
this failure at run-time 
instead of bundle-time.

[39m[22m
