node.exe : 
[1m[33m[33mÔû▓ [43;
33m[[43;30mWARNING[43
;33m][0m [1mcss-inlin
e-fonts:https://fonts.g
oogleapis.com/css2?fami
ly=Inter:wght@400;500;6
00;700;800;900&display=
swap exceeded maximum 
budget. Budget 4.00 kB 
was not met by 15.15 
kB with a total of 
19.15 kB.[0m
En línea: 1 Carácter: 1
+ & "C:\Program 
Files\nodejs/node.exe" 
"C:\Program 
Files\nodejs/node_mo 
...
+ ~~~~~~~~~~~~~~~~~~~~~
~~~~~~~~~~~~~~~~~~~~~~~
~~~~~~~~~~~~~~~~~~~~~~~
~~
    + CategoryInfo     
         : NotSpecifi  
  ed: ([1m[33m[33   
 mÔ...f 19.15 kB.[    
0m:String) [], Rem    
oteException
    + FullyQualifiedEr 
   rorId : NativeComm  
  andError
 

[39m[22m
[1m[31m[31mX [41;31
m[[41;97mERROR[41;31m
][0m [1mcss-inline-fo
nts:https://fonts.googl
eapis.com/css2?family=I
nter:wght@400;500;600;7
00;800;900&display=swap
 exceeded maximum 
budget. Budget 8.00 kB 
was not met by 11.15 
kB with a total of 
19.15 kB.[0m

[39m[22m
