[33mÔØ»[39m Building...
[32mÔ£ö[39m Building...
[1mInitial chunk files[22m[2m | [22m[1mNames[22m        [2m | [22m [1mRaw size[22m[2m | [22m[1mEstimated transfer size[22m
[32mchunk-OFHZFCP3.js[39m  [2m | [22m[2m-[22m            [2m | [22m[36m147.22 kB[39m[2m | [22m               [36m43.95 kB[39m
[32mchunk-DEG2VLNQ.js[39m  [2m | [22m[2m-[22m            [2m | [22m[36m123.07 kB[39m[2m | [22m               [36m30.73 kB[39m
[32mstyles-MMCGWCCD.css[39m[2m | [22m[2mstyles[22m       [2m | [22m  [36m9.85 kB[39m[2m | [22m                [36m1.79 kB[39m
[32mmain-USHVAB6B.js[39m   [2m | [22m[2mmain[22m         [2m | [22m  [36m3.90 kB[39m[2m | [22m                [36m1.41 kB[39m

[1m [22m                  [2m | [22m[1mInitial total[22m[2m | [22m[1m284.04 kB[22m[2m | [22m               [1m77.87 kB[22m

[1mLazy chunk files[22m   [2m | [22m[1mNames[22m        [2m | [22m [1mRaw size[22m[2m | [22m[1mEstimated transfer size[22m
[32mchunk-DV2YYHSI.js[39m  [2m | [22m[2mlayout[22m       [2m | [22m[36m175.28 kB[39m[2m | [22m               [36m41.84 kB[39m
[32mchunk-VQJ357OM.js[39m  [2m | [22m[2m-[22m            [2m | [22m [36m76.32 kB[39m[2m | [22m               [36m15.39 kB[39m
[32mchunk-MTZJ2Z6I.js[39m  [2m | [22m[2mbrowser[22m      [2m | [22m [36m67.75 kB[39m[2m | [22m               [36m17.79 kB[39m
[32mchunk-UMHKINVW.js[39m  [2m | [22m[2mdigistock[22m    [2m | [22m [36m25.62 kB[39m[2m | [22m                [36m3.06 kB[39m

Application bundle generation failed. [1.861 seconds] - 2026-03-07T04:55:43.998Z

node.exe : 
[1m[33m[33mÔû▓ [43;
33m[[43;30mWARNING[43
;33m][0m [1mcss-inlin
e-fonts:https://fonts.g
oogleapis.com/css2?fami
ly=Inter:wght@400;500;6
00;700;800;900&display=
swap exceeded maximum 
budget. Budget 4.00 kB 
was not met by 15.15 
kB with a total of 
19.15 kB.[0m
En línea: 1 Carácter: 1
+ & "C:\Program 
Files\nodejs/node.exe" 
"C:\Program 
Files\nodejs/node_mo 
...
+ ~~~~~~~~~~~~~~~~~~~~~
~~~~~~~~~~~~~~~~~~~~~~~
~~~~~~~~~~~~~~~~~~~~~~~
~~
    + CategoryInfo     
         : NotSpecifi  
  ed: ([1m[33m[33   
 mÔ...f 19.15 kB.[    
0m:String) [], Rem    
oteException
    + FullyQualifiedEr 
   rorId : NativeComm  
  andError
 

[39m[22m
[1m[31m[31mX [41;31
m[[41;97mERROR[41;31m
][0m [1mcss-inline-fo
nts:https://fonts.googl
eapis.com/css2?family=I
nter:wght@400;500;600;7
00;800;900&display=swap
 exceeded maximum 
budget. Budget 8.00 kB 
was not met by 11.15 
kB with a total of 
19.15 kB.[0m

[39m[22m
